// Jest Snapshot v1, https://goo.gl/fbAQLP

exports[`orderbook should work 1`] = `
Array [
  "\\"========================================\\"",
  "\\"Transactions:\\" [
  {
    \\"transfer\\": \\"BTC<-USD (buying BTC)\\",
    \\"price\\": 56203.88,
    \\"amountFrom\\": -562.0388,
    \\"amountTo\\": 0.01,
    \\"balanceFrom\\": 0.01,
    \\"balanceTo\\": 437.96119999999996,
    \\"time\\": \\"+053273-03-15T16:25:47.000Z\\"
  },
  {
    \\"transfer\\": \\"BTC->USD (selling BTC)\\",
    \\"price\\": 56202.01,
    \\"amountFrom\\": 562.0201000000001,
    \\"amountTo\\": -0.01,
    \\"balanceFrom\\": 0,
    \\"balanceTo\\": 999.9813,
    \\"time\\": \\"1970-01-01T00:00:00.000Z\\"
  }
]",
  "\\"Positions:\\" {
  \\"USD\\": 999.9813,
  \\"BTC\\": 0
}",
  "\\"========================================\\"",
]
`;
