// Jest Snapshot v1, https://goo.gl/fbAQLP

exports[`orderbook should work 1`] = `
Array [
  "\\"========================================\\"",
  "\\"Transactions:\\" [
  {
    \\"amount\\": 1000,
    \\"symbol\\": \\"USD\\",
    \\"price\\": 1,
    \\"balance\\": 1000
  },
  {
    \\"amount\\": 0.01,
    \\"symbol\\": \\"BTC\\",
    \\"price\\": 56203.88,
    \\"time\\": \\"+053273-03-15T16:25:47.000Z\\",
    \\"balance\\": 0.01
  },
  {
    \\"amount\\": -563.443897,
    \\"symbol\\": \\"USD\\",
    \\"price\\": 56203.88,
    \\"time\\": \\"+053273-03-15T16:25:47.000Z\\",
    \\"balance\\": 436.556103
  },
  {
    \\"amount\\": -0.01,
    \\"symbol\\": \\"BTC\\",
    \\"price\\": 56202.01,
    \\"time\\": null,
    \\"balance\\": 0
  },
  {
    \\"amount\\": 562.0201000000001,
    \\"symbol\\": \\"USD\\",
    \\"price\\": 56202.01,
    \\"time\\": null,
    \\"balance\\": 998.5762030000001
  }
]",
  "\\"Positions:\\" {
  \\"USD\\": 998.5762030000001,
  \\"BTC\\": 0
}",
  "\\"========================================\\"",
]
`;
