// Jest Snapshot v1, https://goo.gl/fbAQLP

exports[`orderbook should work 1`] = `
Array [
  "\\"========================================\\"",
  "\\"                PORTFOLIO\\"",
  "\\"Transactions:\\" [
  {
    \\"transfer\\": \\"USD->BTC (buying BTC)\\",
    \\"price\\": 56203.88,
    \\"amountTo\\": 0.01,
    \\"amountFrom\\": -562.0388,
    \\"balanceTo\\": 0.01,
    \\"balanceFrom\\": 437.96119999999996,
    \\"fee\\": 0,
    \\"time\\": \\"+053273-03-15T16:25:47.000Z\\"
  },
  {
    \\"transfer\\": \\"USD<-BTC (selling BTC)\\",
    \\"price\\": 56202.01,
    \\"amountTo\\": -0.01,
    \\"amountFrom\\": 562.0201000000001,
    \\"balanceTo\\": 0,
    \\"balanceFrom\\": 999.9813,
    \\"fee\\": 0,
    \\"time\\": null
  }
]",
  "",
  "\\"Positions:\\" \\"{\\\\n  \\\\\\"USD\\\\\\": 999.9813,\\\\n  \\\\\\"BTC\\\\\\": 0\\\\n}\\"",
  "\\"========================================\\"",
]
`;
